Executing action: monitor
Serial port /dev/cu.usbmodem5A7A0244671
Connecting....
Detecting chip type... ESP32-S3
Running idf_monitor in directory /Users/tju/Workspace/PDI/Sentinel/Codes/idf
Executing "/Users/tju/.espressif/tools/python/v5.5.3/venv/bin/python3 /Users/tju/.espressif/v5.5.3/esp-idf/tools/idf_monitor.py -p /dev/cu.usbmodem5A7A0244671 -b 115200 --toolchain-prefix xtensa-esp32s3-elf- --target esp32s3 --revision 0 /Users/tju/Workspace/PDI/Sentinel/Codes/idf/build/sentinel.elf /Users/tju/Workspace/PDI/Sentinel/Codes/idf/build/bootloader/bootloader.elf -m '/Users/tju/.espressif/tools/python/v5.5.3/venv/bin/python3' '/Users/tju/.espressif/v5.5.3/esp-idf/tools/idf.py'"...
ESP-ROM:esp32s3-20210327
Build:Mar 27 2021
rst:0x1 (POWERON),boot:0xb (SPI_FAST_FLASH_BOOT)
SPIWP:0xee
mode:DIO, clock div:1
load:0x3fce2820,len:0x1668
load:0x403c8700,len:0xec0
load:0x403cb700,len:0x317c
entry 0x403c894c
[0;32mI (24) boot: ESP-IDF v5.5.3-1-g7146279875d 2nd stage bootloader[0m
[0;32mI (25) boot: compile time Apr  7 2026 15:34:30[0m
[0;32mI (25) boot: Multicore bootloader[0m
[0;32mI (26) boot: chip revision: v0.2[0m
[0;32mI (29) boot: efuse block revision: v1.3[0m
[0;32mI (33) qio_mode: Enabling default flash chip QIO[0m
[0;32mI (37) boot.esp32s3: Boot SPI Speed : 80MHz[0m
[0;32mI (41) boot.esp32s3: SPI Mode       : QIO[0m
[0;32mI (45) boot.esp32s3: SPI Flash Size : 16MB[0m
[0;32mI (48) boot: Enabling RNG early entropy source...[0m
[0;32mI (53) boot: Partition Table:[0m
[0;32mI (56) boot: ## Label            Usage          Type ST Offset   Length[0m
[0;32mI (62) boot:  0 nvs              WiFi data        01 02 00009000 00006000[0m
[0;32mI (68) boot:  1 phy_init         RF data          01 01 0000f000 00001000[0m
[0;32mI (75) boot:  2 factory          factory app      00 00 00010000 00400000[0m
[0;32mI (81) boot:  3 system           Unknown data     01 82 00410000 00200000[0m
[0;32mI (88) boot:  4 user             Unknown data     01 82 00610000 00010000[0m
[0;32mI (94) boot: End of partition table[0m
[0;32mI (98) esp_image: segment 0: paddr=00010020 vaddr=3c0d0020 size=2ddf0h (187888) map[0m
[0;32mI (133) esp_image: segment 1: paddr=0003de18 vaddr=3fca0100 size=02200h (  8704) load[0m
[0;32mI (135) esp_image: segment 2: paddr=00040020 vaddr=42000020 size=c9740h (825152) map[0m
[0;32mI (259) esp_image: segment 3: paddr=00109768 vaddr=3fca2300 size=03534h ( 13620) load[0m
[0;32mI (262) esp_image: segment 4: paddr=0010cca4 vaddr=40374000 size=1c058h (114776) load[0m
[0;32mI (285) esp_image: segment 5: paddr=00128d04 vaddr=50000000 size=00020h (    32) load[0m
[0;32mI (296) boot: Loaded app from partition at offset 0x10000[0m
[0;32mI (296) boot: Disabling RNG early entropy source...[0m
[0;32mI (307) octal_psram: vendor id    : 0x0d (AP)[0m
[0;32mI (307) octal_psram: dev id       : 0x02 (generation 3)[0m
[0;32mI (307) octal_psram: density      : 0x03 (64 Mbit)[0m
[0;32mI (309) octal_psram: good-die     : 0x01 (Pass)[0m
[0;32mI (313) octal_psram: Latency      : 0x01 (Fixed)[0m
[0;32mI (318) octal_psram: VCC          : 0x01 (3V)[0m
[0;32mI (322) octal_psram: SRF          : 0x01 (Fast Refresh)[0m
[0;32mI (327) octal_psram: BurstType    : 0x01 (Hybrid Wrap)[0m
[0;32mI (331) octal_psram: BurstLen     : 0x01 (32 Byte)[0m
[0;32mI (336) octal_psram: Readlatency  : 0x02 (10 cycles@Fixed)[0m
[0;32mI (341) octal_psram: DriveStrength: 0x00 (1/1)[0m
[0;32mI (345) MSPI Timing: Enter psram timing tuning[0m
[0;32mI (350) esp_psram: Found 8MB PSRAM device[0m
[0;32mI (353) esp_psram: Speed: 80MHz[0m
[0;32mI (356) cpu_start: Multicore app[0m
[0;32mI (792) esp_psram: SPI SRAM memory test OK[0m
[0;32mI (805) cpu_start: GPIO 44 and 43 are used as console UART I/O pins[0m
[0;32mI (805) cpu_start: Pro cpu start user code[0m
[0;32mI (805) cpu_start: cpu freq: 240000000 Hz[0m
[0;32mI (807) app_init: Application information:[0m
[0;32mI (811) app_init: Project name:     sentinel[0m
[0;32mI (815) app_init: App version:      3260d32[0m
[0;32mI (819) app_init: Compile time:     Apr  8 2026 10:35:53[0m
[0;32mI (824) app_init: ELF file SHA256:  6c59ded45...[0m
[0;32mI (828) app_init: ESP-IDF:          v5.5.3-1-g7146279875d[0m
[0;32mI (833) efuse_init: Min chip rev:     v0.0[0m
[0;32mI (837) efuse_init: Max chip rev:     v0.99 [0m
[0;32mI (841) efuse_init: Chip rev:         v0.2[0m
[0;32mI (845) heap_init: Initializing. RAM available for dynamic allocation:[0m
[0;32mI (851) heap_init: At 3FCBEB20 len 0002ABF0 (170 KiB): RAM[0m
[0;32mI (856) heap_init: At 3FCE9710 len 00005724 (21 KiB): RAM[0m
[0;32mI (862) heap_init: At 3FCF0000 len 00008000 (32 KiB): DRAM[0m
[0;32mI (867) heap_init: At 600FE000 len 00001FE8 (7 KiB): RTCRAM[0m
[0;32mI (872) esp_psram: Adding pool of 8026K of PSRAM memory to heap allocator[0m
[0;32mI (879) spi_flash: detected chip: generic[0m
[0;32mI (882) spi_flash: flash io: qio[0m
[0;32mI (886) sleep_gpio: Configure to isolate all GPIO pins in sleep state[0m
[0;32mI (892) sleep_gpio: Enable automatic switching of GPIO sleep configuration[0m
[0;32mI (899) main_task: Started on CPU0[0m
[0;32mI (923) esp_psram: Reserving pool of 32K of internal memory for DMA/internal allocations[0m
[0;32mI (923) main_task: Calling app_main()[0m
[0;32mI (941) APP: [machine_state.c:46] Machine state changed to 1[0m
[0;32mI (1021) APP: [fs_utils.c:37] SPIFFS 'system' mounted at '/system' (used 86344 / total 1920401)[0m
[0;32mI (1021) APP: [config_manager.c:51] system storage mounted.[0m
[0;32mI (1026) APP: [fs_utils.c:37] SPIFFS 'user' mounted at '/user' (used 1506 / total 52961)[0m
[0;32mI (1031) APP: [config_manager.c:63] user storage mounted.[0m
[0;32mI (1040) APP: [config_manager.c:51] system storage mounted.[0m
[0;32mI (1042) APP: [config_manager.c:63] user storage mounted.[0m
D (1047) APP: [config_manager.c:240] User config (len=355):
D (1052) APP: [config_manager.c:246] {"iso":{"standard":1,"category":"3","foundation":"1"},"deviceId":"TX01922-9","deviceName":"TX01922-9","rpm":2220,"threshold":1.8,"months":6,"montor_type":"1","pos":{"x":"h","y":"v","z":"a"},"b
D (1072) APP: [config_manager.c:246] attery":19000,"host":"139.9.50.7","patrol":1,"diagnosis":1440,"report":6,"network":1,"ble_enabled":true,"wifi":{"ssid":"请扫描...","pass":""},"configured":true}
[0;32mI (1090) APP: [init.c:138] Initializing 4G Module...[0m
